[2026-08-25 11:02:38] AJAX exception: SQLSTATE[42S02]: Base table or view not found: 1146 Table 'hrms.hrms_employee' doesn't exist
#0 C:\xampp\htdocs\hrms\hrms-capstone\modules\exit\models\ResignationModel.php(361): PDOStatement->execute()
#1 C:\xampp\htdocs\hrms\hrms-capstone\modules\exit\controllers\ResignationController.php(328): ResignationModel->getResignations('active', 1, 10, '')
#2 C:\xampp\htdocs\hrms\hrms-capstone\modules\exit\exit_management.php(87): ResignationController->handleAjaxRequest('get_resignation...', Array)
#3 {main}
[2026-08-25 12:28:01] AJAX exception: SQLSTATE[42S02]: Base table or view not found: 1146 Table 'hrms.hrms_employee' doesn't exist
#0 C:\xampp\htdocs\hrms\hrms-capstone\modules\exit\models\ExitInterviewModel.php(333): PDOStatement->execute(Array)
#1 C:\xampp\htdocs\hrms\hrms-capstone\modules\exit\controllers\ExitInterviewController.php(258): ExitInterviewModel->getAllInterviews('all', 1, 10, '')
#2 C:\xampp\htdocs\hrms\hrms-capstone\modules\exit\controllers\ExitInterviewController.php(393): ExitInterviewController->getInterviews('all', 1, 10, '')
#3 C:\xampp\htdocs\hrms\hrms-capstone\modules\exit\exit_management.php(95): ExitInterviewController->handleAjaxRequest('get_interviews', Array)
#4 {main}
[2026-08-25 13:59:36] AJAX exception: SQLSTATE[42S22]: Column not found: 1054 Unknown column 's.resignation_id' in 'on clause'
#0 C:\xampp\htdocs\hrms\hrms-capstone\modules\exit\models\SettlementModel.php(459): PDOStatement->execute(Array)
#1 C:\xampp\htdocs\hrms\hrms-capstone\modules\exit\controllers\SettlementController.php(382): SettlementModel->getAllSettlements('all', 1, 10, '')
#2 C:\xampp\htdocs\hrms\hrms-capstone\modules\exit\exit_management.php(103): SettlementController->handleAjaxRequest('get_settlements', Array)
#3 {main}
[2026-08-25 14:09:14] AJAX exception: SQLSTATE[42S22]: Column not found: 1054 Unknown column 's.resignation_id' in 'on clause'
#0 C:\xampp\htdocs\hrms\hrms-capstone\modules\exit\models\SettlementModel.php(459): PDOStatement->execute(Array)
#1 C:\xampp\htdocs\hrms\hrms-capstone\modules\exit\controllers\SettlementController.php(382): SettlementModel->getAllSettlements('all', 1, 10, '')
#2 C:\xampp\htdocs\hrms\hrms-capstone\modules\exit\exit_management.php(103): SettlementController->handleAjaxRequest('get_settlements', Array)
#3 {main}
[2026-08-25 14:18:50] AJAX exception: SQLSTATE[42S22]: Column not found: 1054 Unknown column 's.id' in 'field list'
#0 C:\xampp\htdocs\hrms\hrms-capstone\modules\exit\models\SettlementModel.php(488): PDOStatement->execute()
#1 C:\xampp\htdocs\hrms\hrms-capstone\modules\exit\controllers\SettlementController.php(382): SettlementModel->getAllSettlements('all', 1, 10, '')
#2 C:\xampp\htdocs\hrms\hrms-capstone\modules\exit\exit_management.php(103): SettlementController->handleAjaxRequest('get_settlements', Array)
#3 {main}
[2026-08-25 14:34:32] AJAX exception: SQLSTATE[42S22]: Column not found: 1054 Unknown column 's.id' in 'field list'
#0 C:\xampp\htdocs\hrms\hrms-capstone\modules\exit\models\SettlementModel.php(488): PDOStatement->execute()
#1 C:\xampp\htdocs\hrms\hrms-capstone\modules\exit\controllers\SettlementController.php(382): SettlementModel->getAllSettlements('all', 1, 10, '')
#2 C:\xampp\htdocs\hrms\hrms-capstone\modules\exit\exit_management.php(103): SettlementController->handleAjaxRequest('get_settlements', Array)
#3 {main}
[2026-08-25 14:54:38] AJAX exception: SQLSTATE[42S22]: Column not found: 1054 Unknown column 's.settlement_date' in 'field list'
#0 C:\xampp\htdocs\hrms\hrms-capstone\modules\exit\models\SettlementModel.php(488): PDOStatement->execute()
#1 C:\xampp\htdocs\hrms\hrms-capstone\modules\exit\controllers\SettlementController.php(382): SettlementModel->getAllSettlements('all', 1, 10, '')
#2 C:\xampp\htdocs\hrms\hrms-capstone\modules\exit\exit_management.php(103): SettlementController->handleAjaxRequest('get_settlements', Array)
#3 {main}
[2026-08-27 16:14:04] AJAX exception: SQLSTATE[42S22]: Column not found: 1054 Unknown column 'e.department' in 'field list'
#0 C:\xampp\htdocs\hrms\hrms-capstone\modules\exit\models\ExitInterviewModel.php(194): PDOStatement->execute(Array)
#1 C:\xampp\htdocs\hrms\hrms-capstone\modules\exit\controllers\ExitInterviewController.php(91): ExitInterviewModel->getInterviewById(14)
#2 C:\xampp\htdocs\hrms\hrms-capstone\modules\exit\controllers\ExitInterviewController.php(396): ExitInterviewController->getInterview(14)
#3 C:\xampp\htdocs\hrms\hrms-capstone\modules\exit\exit_management.php(95): ExitInterviewController->handleAjaxRequest('get_interview', Array)
#4 {main}
[2026-08-27 16:14:19] AJAX exception: SQLSTATE[42S22]: Column not found: 1054 Unknown column 'e.department' in 'field list'
#0 C:\xampp\htdocs\hrms\hrms-capstone\modules\exit\models\ExitInterviewModel.php(194): PDOStatement->execute(Array)
#1 C:\xampp\htdocs\hrms\hrms-capstone\modules\exit\controllers\ExitInterviewController.php(91): ExitInterviewModel->getInterviewById(14)
#2 C:\xampp\htdocs\hrms\hrms-capstone\modules\exit\controllers\ExitInterviewController.php(396): ExitInterviewController->getInterview(14)
#3 C:\xampp\htdocs\hrms\hrms-capstone\modules\exit\exit_management.php(95): ExitInterviewController->handleAjaxRequest('get_interview', Array)
#4 {main}
[2026-08-27 16:22:29] AJAX exception: SQLSTATE[42S22]: Column not found: 1054 Unknown column 'e.department' in 'field list'
#0 C:\xampp\htdocs\hrms\hrms-capstone\modules\exit\models\ExitInterviewModel.php(194): PDOStatement->execute(Array)
#1 C:\xampp\htdocs\hrms\hrms-capstone\modules\exit\controllers\ExitInterviewController.php(91): ExitInterviewModel->getInterviewById(14)
#2 C:\xampp\htdocs\hrms\hrms-capstone\modules\exit\controllers\ExitInterviewController.php(396): ExitInterviewController->getInterview(14)
#3 C:\xampp\htdocs\hrms\hrms-capstone\modules\exit\exit_management.php(95): ExitInterviewController->handleAjaxRequest('get_interview', Array)
#4 {main}
[2026-08-27 16:22:38] AJAX exception: SQLSTATE[42S22]: Column not found: 1054 Unknown column 'e.department' in 'field list'
#0 C:\xampp\htdocs\hrms\hrms-capstone\modules\exit\models\ExitInterviewModel.php(194): PDOStatement->execute(Array)
#1 C:\xampp\htdocs\hrms\hrms-capstone\modules\exit\controllers\ExitInterviewController.php(91): ExitInterviewModel->getInterviewById(14)
#2 C:\xampp\htdocs\hrms\hrms-capstone\modules\exit\controllers\ExitInterviewController.php(396): ExitInterviewController->getInterview(14)
#3 C:\xampp\htdocs\hrms\hrms-capstone\modules\exit\exit_management.php(95): ExitInterviewController->handleAjaxRequest('get_interview', Array)
#4 {main}
[2026-08-27 16:23:13] AJAX exception: SQLSTATE[42S22]: Column not found: 1054 Unknown column 'e.department' in 'field list'
#0 C:\xampp\htdocs\hrms\hrms-capstone\modules\exit\models\ExitInterviewModel.php(194): PDOStatement->execute(Array)
#1 C:\xampp\htdocs\hrms\hrms-capstone\modules\exit\controllers\ExitInterviewController.php(91): ExitInterviewModel->getInterviewById(14)
#2 C:\xampp\htdocs\hrms\hrms-capstone\modules\exit\controllers\ExitInterviewController.php(396): ExitInterviewController->getInterview(14)
#3 C:\xampp\htdocs\hrms\hrms-capstone\modules\exit\exit_management.php(95): ExitInterviewController->handleAjaxRequest('get_interview', Array)
#4 {main}
